== boot ==
OUT| Welcome to
{color foreground="256:39"}
 __   ___       __      _____  ___  ___________  _______  ___       _______
|/"| /  ")     /""\    (\"   \|"  \("     _   ")/"     "||"  |     /"     "|
(: |/   /     /    \   |.\\   \    |)__/  \\__/(: ______)||  |    (: ______)
|    __/     /' /\  \  |: \.   \\  |   \\_ /    \/    |  |:  |     \/    |
(// _  \    //  __'  \ |.  \    \. |   |.  |    // ___)_  \  |___  // ___)_
|: | \  \  /   /  \\  \|    \    \ |   \:  |   (:      "|( \_|:  \(:      "|
(__|  \__)(___/    \___)\___|\____\)    \__|    \_______) \_______)\_______)
{/color}

Powered by {color foreground="256:39"}Kalevala{/color} 🧝 {color foreground="cyan"}v0.1.0{/color}.

OUT| What is your {color foreground="white"}name{/color}? 
RAW| %Kalevala.Character.Conn.Option{name: :echo, value: true}
OUT| Password: 
RAW| %Kalevala.Character.Conn.Option{name: :echo, value: false}
OUT| 
Welcome {color foreground="white"}dumpuser{/color}. Thanks for signing in.

OUT| What is your character name? 
RAW| %Kalevala.Character.Conn.Event{data: %Kantele.Character.Vitals{base_jing: 120, base_neili: 200, base_qi: 150, 
OUT| Welcome to the world of {color foreground="256:39"}Kantele{/color}, {color foreground="white"}探员{/color}.

OUT| [{hp}150/150气血{/hp} {sp}120/120精{/sp} {ep}200/200内力{/ep}] > 
OUT| {room-title id="sammatti:town_square" x="0" y="0" z="0"}城镇广场 Town Square{/room-title}
你正站在小镇的广场中央。You are in the town square. 东边是小酒馆洛希卡迈。To the east is {color foreground="white"}Lohikäärme{/color}, a small inn. 西边是当地的铁匠铺塞帕。To the west is {color foreground="white"}Seppä{/color}, the local blacksmith.

OUT|                          
     {color foreground="yellow"}[ ]{/color}                 
      |                  
 {color foreground="yellow"}[ ]{/color}-{color foreground="white"}[ ]{/color}-{color foreground="white"}[ ]{/color}-{color foreground="yellow"}[ ]{/color} {color foreground="green"}[ ]{/color}-{color foreground="blue"}[ ]{/color} 
      |   |   |   |   |  
     {color foreground="yellow"}[ ]{/color} {color foreground="white"}[ ]{/color}-{color foreground="white"}[ ]{/color}-{color foreground="green"}[ ]{/color}-{color foreground="green"}[ ]{/color} 
          |   |          
         {color foreground="yellow"}[ ]{/color}-{color foreground="white"}[X]{/color}-{color foreground="yellow"}[ ]{/color}     
              |          

OUT| Items: {item-instance id="3f7f890f" context="room" name="Healing Potion" description="A potion to heal what ails you."}{item id="global:potion"}Healing Potion{/item}{/item-instance}, {item-instance id="ed563c83" context="room" name="Longsword" description="A dual edged sword, with a silver hilt."}{item id="global:longsword"}Longsword{/item}{/item-instance}
Exits: {exit name="west"}west{/exit} {exit name="south"}south{/exit} {exit name="north"}north{/exit} {exit name="east"}east{/exit}
You see:
- {character id="f81b6973" name="报讯人 Town Crier" description="一个嗓门洪亮的矮个子男人。A small man with a loud voice."}报讯人 Town Crier{/character}
- {character id="db15148d" name="村民 Villager" description="萨玛蒂的一名村民。A villager of Sammatti."}村民 Villager{/character}

OUT| [{hp}150/150气血{/hp} {sp}120/120精{/sp} {ep}200/200内力{/ep}] > 
RAW| %Kalevala.Character.Conn.Event{data: %{item_instances: [%Kalevala.World.Item.Instance{created_at: ~U[2026-08-2
OUT| {character id="f81b6973" name="报讯人 Town Crier" description="一个嗓门洪亮的矮个子男人。A small man with a loud voice."}报讯人 Town Crier{/character} says, "{text}欢迎，探员！ Welcome, 探员!{/text}"

OUT| [{hp}150/150气血{/hp} {sp}120/120精{/sp} {ep}200/200内力{/ep}] > 
OUT| {room-title id="sammatti:blacksmith" x="-1" y="0" z="0"}铁匠铺 Seppä{/room-title}
当地的铁匠铺。The local blacksmith.

OUT|                          
     {color foreground="yellow"}[ ]{/color}                 
      |                  
 {color foreground="yellow"}[ ]{/color}-{color foreground="white"}[ ]{/color}-{color foreground="white"}[ ]{/color}-{color foreground="yellow"}[ ]{/color} {color foreground="green"}[ ]{/color}-{color foreground="blue"}[ ]{/color} 
      |   |   |   |   |  
     {color foreground="yellow"}[ ]{/color} {color foreground="white"}[ ]{/color}-{color foreground="white"}[ ]{/color}-{color foreground="green"}[ ]{/color}-{color foreground="green"}[ ]{/color} 
          |   |          
         {color foreground="yellow"}[X]{/color}-{color foreground="white"}[ ]{/color}-{color foreground="yellow"}[ ]{/color}     
              |          

OUT| Exits: {exit name="north"}north{/exit} {exit name="east"}east{/exit}
You see:
- {character id="fa240e03" name="安妮 Anni" description="萨玛蒂的一名村民。A villager of Sammatti."}安妮 Anni{/character}

OUT| [{hp}150/150气血{/hp} {sp}120/120精{/sp} {ep}200/200内力{/ep}] > 
OUT| {character id="fa240e03" name="安妮 Anni" description="萨玛蒂的一名村民。A villager of Sammatti."}安妮 Anni{/character} says, "{text}欢迎，探员！ Welcome, 探员!{/text}"

OUT| [{hp}150/150气血{/hp} {sp}120/120精{/sp} {ep}200/200内力{/ep}] > 
OUT| {room-title id="liuxi:shanlu" x="0" y="0" z="0"}山路 Mountain Path{/room-title}
一条蜿蜒的山路，杂草没膝。远处传来野兽的低吼，行人到此多半加快脚步。A winding mountain path. Tall weeds grow everywhere and the roar of wild beasts can be heard in the distance.

OUT|                                              
                                             
                                             
                                             
                                             
                                             
                                             
                                             
                                             
                                             
                                             
                                             
                                             
                                             
                                             
                                             
                                             
 {color foreground="white"}[ ]{/color}-{color foreground="white"}[ ]{/color}-{color foreground="yellow"}[ ]{/color}                                 
      |                                      
     {color foreground="white"}[X]{/color}                                     
      |                                      

OUT| Exits: {exit name="south"}south{/exit} {exit name="north"}north{/exit}
You see:
- {character id="323d249c" name="黑虎" description="一只吊睛白额的猛虎，黄毛黑纹，双目如灯，伏在山路旁的草丛中，尾巴不耐烦地拍打着地面。"}黑虎{/character}

OUT| [{hp}150/150气血{/hp} {sp}120/120精{/sp} {ep}200/200内力{/ep}] > 
RAW| %Kalevala.Character.Conn.Text{data: ["{color foreground=\"red\"}看起来", "黑虎", "想杀死你！{/color}\n"], go_ahead: fals
OUT| {room-title id="liuxi:guangchang" x="0" y="1" z="0"}镇广场 Town Square{/room-title}
柳溪镇的中央广场，青石板铺就的地面被岁月磨得发亮。西边是练武场，东边是张记铁铺。The central square of Liuxi town, paved with time-worn flagstones. A practice yard lies west and a smithy east.

OUT|                                              
                                             
                                             
                                             
                                             
                                             
                                             
                                             
                                             
                                             
                                             
                                             
                                             
                                             
                                             
                                             
                                             
 {color foreground="white"}[ ]{/color}-{color foreground="white"}[X]{/color}-{color foreground="yellow"}[ ]{/color}                                 
      |                                      
     {color foreground="white"}[ ]{/color}                                     
      |                                      

OUT| Exits: {exit name="west"}west{/exit} {exit name="south"}south{/exit} {exit name="east"}east{/exit}
You see:
- {character id="4e5f760c" name="野猪" description="一头獠牙外露的野猪，正哼哧哼哧地拱着土。新手练手的好对象。"}野猪{/character}
- {character id="2dbf2cb2" name="探员" description="探员 is a person."}探员{/character}

OUT| [{hp}150/150气血{/hp} {sp}120/120精{/sp} {ep}200/200内力{/ep}] > 
== KILL ==
RAW| %Kalevala.Character.Conn.Text{data: ["{color foreground=\"red\"}看起来", "野猪", "想杀死你！{/color}\n"], go_ahead: fals
RAW| %Kalevala.Character.Conn.Event{data: %Kantele.Character.Vitals{base_jing: 120, base_neili: 200, base_qi: 150, 
RAW| %Kalevala.Character.Conn.Text{data: "\n野猪右拳一收一送，直捣探员的右臂！\n结果只是轻轻地碰到，比拍苍蝇稍微重了点。\n", go_ahead: false, newline: f
OUT| [{hp}144/144气血{/hp} {sp}120/120精{/sp} {ep}200/200内力{/ep}] > 
RAW| %Kalevala.Character.Conn.Text{data: "\n探员右拳一收一送，直捣野猪的腹部！\n野猪侧身运力，硬生生把这一招封出门外。\n", go_ahead: false, newline: fa
OUT| [{hp}144/144气血{/hp} {sp}120/120精{/sp} {ep}200/200内力{/ep}] > 
RAW| %Kalevala.Character.Conn.Text{data: "( 探员看起来气血充盈，并没有受伤)\n", go_ahead: false, newline: false}
OUT| [{hp}144/144气血{/hp} {sp}120/120精{/sp} {ep}200/200内力{/ep}] > 
RAW| %Kalevala.Character.Conn.Event{data: %Kantele.Character.Vitals{base_jing: 120, base_neili: 200, base_qi: 150, 
RAW| %Kalevala.Character.Conn.Text{data: "\n野猪右拳一收一送，直捣探员的左肩！\n结果只是轻轻地碰到，比拍苍蝇稍微重了点。\n", go_ahead: false, newline: f
OUT| [{hp}136/144气血{/hp} {sp}120/120精{/sp} {ep}200/200内力{/ep}] > 
RAW| %Kalevala.Character.Conn.Text{data: "( 探员看起来可能受了点轻伤)\n", go_ahead: false, newline: false}
OUT| [{hp}136/144气血{/hp} {sp}120/120精{/sp} {ep}200/200内力{/ep}] > 
RAW| %Kalevala.Character.Conn.Text{data: "\n探员右拳一收一送，直捣野猪的腹部！\n野猪举起兵器，稳稳架开了这一招。\n", go_ahead: false, newline: false
OUT| [{hp}136/144气血{/hp} {sp}120/120精{/sp} {ep}200/200内力{/ep}] > 
RAW| %Kalevala.Character.Conn.Event{data: %Kantele.Character.Vitals{base_jing: 120, base_neili: 200, base_qi: 150, 
RAW| %Kalevala.Character.Conn.Text{data: "\n探员右拳一收一送，直捣野猪的头部！\n却被野猪横兵一封，「当」地一声格挡住了。\n", go_ahead: false, newline: f
OUT| [{hp}130/138气血{/hp} {sp}120/120精{/sp} {ep}200/200内力{/ep}] > 
RAW| %Kalevala.Character.Conn.Text{data: "\n野猪右拳一收一送，直捣探员的胸口！\n结果只是轻轻地碰到，比拍苍蝇稍微重了点。\n", go_ahead: false, newline: f
OUT| [{hp}130/138气血{/hp} {sp}120/120精{/sp} {ep}200/200内力{/ep}] > 
RAW| %Kalevala.Character.Conn.Text{data: "( 探员看起来可能受了点轻伤)\n", go_ahead: false, newline: false}
OUT| [{hp}130/138气血{/hp} {sp}120/120精{/sp} {ep}200/200内力{/ep}] > 
RAW| %Kalevala.Character.Conn.Event{data: %Kantele.Character.Vitals{base_jing: 120, base_neili: 200, base_qi: 150, 
RAW| %Kalevala.Character.Conn.Text{data: "\n探员右拳一收一送，直捣野猪的左肩！\n结果只是轻轻地碰到，比拍苍蝇稍微重了点。\n", go_ahead: false, newline: f
OUT| [{hp}123/138气血{/hp} {sp}120/120精{/sp} {ep}200/200内力{/ep}] > 
RAW| %Kalevala.Character.Conn.Text{data: "\n野猪右拳一收一送，直捣探员的腹部！\n结果只是轻轻地碰到，比拍苍蝇稍微重了点。\n", go_ahead: false, newline: f
OUT| [{hp}123/138气血{/hp} {sp}120/120精{/sp} {ep}200/200内力{/ep}] > 
RAW| %Kalevala.Character.Conn.Text{data: "( 野猪受了几处伤，不过似乎并不碍事)\n", go_ahead: false, newline: false}
OUT| [{hp}123/138气血{/hp} {sp}120/120精{/sp} {ep}200/200内力{/ep}] > 
RAW| %Kalevala.Character.Conn.Text{data: "( 探员受了几处伤，不过似乎并不碍事)\n", go_ahead: false, newline: false}
OUT| [{hp}123/138气血{/hp} {sp}120/120精{/sp} {ep}200/200内力{/ep}] > 
RAW| %Kalevala.Character.Conn.Event{data: %Kantele.Character.Vitals{base_jing: 120, base_neili: 200, base_qi: 150, 
RAW| %Kalevala.Character.Conn.Text{data: "\n探员右拳一收一送，直捣野猪的头部！\n结果只是轻轻地碰到，比拍苍蝇稍微重了点。\n", go_ahead: false, newline: f
OUT| [{hp}116/131气血{/hp} {sp}120/120精{/sp} {ep}200/200内力{/ep}] > 
RAW| %Kalevala.Character.Conn.Text{data: "\n野猪右拳一收一送，直捣探员的左肩！\n结果只是轻轻地碰到，比拍苍蝇稍微重了点。\n", go_ahead: false, newline: f
OUT| [{hp}116/131气血{/hp} {sp}120/120精{/sp} {ep}200/200内力{/ep}] > 
RAW| %Kalevala.Character.Conn.Text{data: "( 探员受了几处伤，不过似乎并不碍事)\n", go_ahead: false, newline: false}
OUT| [{hp}116/131气血{/hp} {sp}120/120精{/sp} {ep}200/200内力{/ep}] > 
RAW| %Kalevala.Character.Conn.Text{data: "( 野猪受伤不轻，看起来状况并不太好)\n", go_ahead: false, newline: false}
OUT| [{hp}116/131气血{/hp} {sp}120/120精{/sp} {ep}200/200内力{/ep}] > 
RAW| %Kalevala.Character.Conn.Event{data: %Kantele.Character.Vitals{base_jing: 120, base_neili: 200, base_qi: 150, 
RAW| %Kalevala.Character.Conn.Text{data: "\n野猪右拳一收一送，直捣探员的胸口！\n结果只是轻轻地碰到，比拍苍蝇稍微重了点。\n", go_ahead: false, newline: f
OUT| [{hp}108/131气血{/hp} {sp}120/120精{/sp} {ep}200/200内力{/ep}] > 
RAW| %Kalevala.Character.Conn.Text{data: "\n探员右拳一收一送，直捣野猪的胸口！\n结果只是轻轻地碰到，比拍苍蝇稍微重了点。\n", go_ahead: false, newline: f
OUT| [{hp}108/131气血{/hp} {sp}120/120精{/sp} {ep}200/200内力{/ep}] > 
RAW| %Kalevala.Character.Conn.Text{data: "( 野猪受伤不轻，看起来状况并不太好)\n", go_ahead: false, newline: false}
OUT| [{hp}108/131气血{/hp} {sp}120/120精{/sp} {ep}200/200内力{/ep}] > 
RAW| %Kalevala.Character.Conn.Text{data: "( 探员受了几处伤，不过似乎并不碍事)\n", go_ahead: false, newline: false}
OUT| [{hp}108/131气血{/hp} {sp}120/120精{/sp} {ep}200/200内力{/ep}] > 
RAW| %Kalevala.Character.Conn.Event{data: %Kantele.Character.Vitals{base_jing: 120, base_neili: 200, base_qi: 150, 
RAW| %Kalevala.Character.Conn.Text{data: "\n探员右拳一收一送，直捣野猪的双腿！\n结果只是轻轻地碰到，比拍苍蝇稍微重了点。\n", go_ahead: false, newline: f
OUT| [{hp}102/131气血{/hp} {sp}120/120精{/sp} {ep}200/200内力{/ep}] > 
RAW| %Kalevala.Character.Conn.Text{data: "\n野猪右拳一收一送，直捣探员的腹部！\n结果只是轻轻地碰到，比拍苍蝇稍微重了点。\n", go_ahead: false, newline: f
OUT| [{hp}102/131气血{/hp} {sp}120/120精{/sp} {ep}200/200内力{/ep}] > 
RAW| %Kalevala.Character.Conn.Text{data: "( 野猪受伤不轻，看起来状况并不太好)\n", go_ahead: false, newline: false}
OUT| [{hp}102/131气血{/hp} {sp}120/120精{/sp} {ep}200/200内力{/ep}] > 
RAW| %Kalevala.Character.Conn.Text{data: "( 探员受伤不轻，看起来状况并不太好)\n", go_ahead: false, newline: false}
OUT| [{hp}102/131气血{/hp} {sp}120/120精{/sp} {ep}200/200内力{/ep}] > 
RAW| %Kalevala.Character.Conn.Event{data: %Kantele.Character.Vitals{base_jing: 120, base_neili: 200, base_qi: 150, 
RAW| %Kalevala.Character.Conn.Text{data: "\n探员右拳一收一送，直捣野猪的胸口！\n却被野猪横兵一封，「当」地一声格挡住了。\n", go_ahead: false, newline: f
OUT| [{hp}95/124气血{/hp} {sp}120/120精{/sp} {ep}200/200内力{/ep}] > 
RAW| %Kalevala.Character.Conn.Text{data: "\n野猪右拳一收一送，直捣探员的胸口！\n结果只是轻轻地碰到，比拍苍蝇稍微重了点。\n", go_ahead: false, newline: f
OUT| [{hp}95/124气血{/hp} {sp}120/120精{/sp} {ep}200/200内力{/ep}] > 
RAW| %Kalevala.Character.Conn.Text{data: "( 探员受伤不轻，看起来状况并不太好)\n", go_ahead: false, newline: false}
OUT| [{hp}95/124气血{/hp} {sp}120/120精{/sp} {ep}200/200内力{/ep}] > 
RAW| %Kalevala.Character.Conn.Event{data: %Kantele.Character.Vitals{base_jing: 120, base_neili: 200, base_qi: 150, 
RAW| %Kalevala.Character.Conn.Text{data: "\n探员右拳一收一送，直捣野猪的腹部！\n结果只是轻轻地碰到，比拍苍蝇稍微重了点。\n", go_ahead: false, newline: f
OUT| [{hp}88/124气血{/hp} {sp}120/120精{/sp} {ep}200/200内力{/ep}] > 
RAW| %Kalevala.Character.Conn.Text{data: "\n野猪右拳一收一送，直捣探员的胸口！\n结果只是轻轻地碰到，比拍苍蝇稍微重了点。\n", go_ahead: false, newline: f
OUT| [{hp}88/124气血{/hp} {sp}120/120精{/sp} {ep}200/200内力{/ep}] > 
RAW| %Kalevala.Character.Conn.Text{data: "( 野猪气息粗重，动作开始散乱，看来所受的伤着实不轻)\n", go_ahead: false, newline: false}
OUT| [{hp}88/124气血{/hp} {sp}120/120精{/sp} {ep}200/200内力{/ep}] > 
RAW| %Kalevala.Character.Conn.Text{data: "( 探员受伤不轻，看起来状况并不太好)\n", go_ahead: false, newline: false}
OUT| [{hp}88/124气血{/hp} {sp}120/120精{/sp} {ep}200/200内力{/ep}] > 
RAW| %Kalevala.Character.Conn.Event{data: %Kantele.Character.Vitals{base_jing: 120, base_neili: 200, base_qi: 150, 
RAW| %Kalevala.Character.Conn.Text{data: "\n探员右拳一收一送，直捣野猪的头部！\n结果只是轻轻地碰到，比拍苍蝇稍微重了点。\n", go_ahead: false, newline: f
OUT| [{hp}81/117气血{/hp} {sp}120/120精{/sp} {ep}200/200内力{/ep}] > 
RAW| %Kalevala.Character.Conn.Text{data: "\n野猪右拳一收一送，直捣探员的右臂！\n结果只是轻轻地碰到，比拍苍蝇稍微重了点。\n", go_ahead: false, newline: f
OUT| [{hp}81/117气血{/hp} {sp}120/120精{/sp} {ep}200/200内力{/ep}] > 
RAW| %Kalevala.Character.Conn.Text{data: "( 野猪受伤不轻，看起来状况并不太好)\n", go_ahead: false, newline: false}
OUT| [{hp}81/117气血{/hp} {sp}120/120精{/sp} {ep}200/200内力{/ep}] > 
RAW| %Kalevala.Character.Conn.Text{data: "( 探员受伤不轻，看起来状况并不太好)\n", go_ahead: false, newline: false}
OUT| [{hp}81/117气血{/hp} {sp}120/120精{/sp} {ep}200/200内力{/ep}] > 
RAW| %Kalevala.Character.Conn.Event{data: %Kantele.Character.Vitals{base_jing: 120, base_neili: 200, base_qi: 150, 
RAW| %Kalevala.Character.Conn.Event{data: %Kantele.Character.Vitals{base_jing: 120, base_neili: 200, base_qi: 150, 
RAW| %Kalevala.Character.Conn.Text{data: "\n探员右拳一收一送，直捣野猪的双腿！\n野猪脚下一错，堪堪避过这一击。\n", go_ahead: false, newline: false}
OUT| [{hp}85/127气血{/hp} {sp}120/120精{/sp} {ep}200/200内力{/ep}] > 
RAW| %Kalevala.Character.Conn.Text{data: "\n野猪右拳一收一送，直捣探员的腹部！\n结果只是轻轻地碰到，比拍苍蝇稍微重了点。\n", go_ahead: false, newline: f
OUT| [{hp}85/127气血{/hp} {sp}120/120精{/sp} {ep}200/200内力{/ep}] > 
RAW| %Kalevala.Character.Conn.Text{data: "( 探员受伤不轻，看起来状况并不太好)\n", go_ahead: false, newline: false}
OUT| [{hp}85/127气血{/hp} {sp}120/120精{/sp} {ep}200/200内力{/ep}] > 
OTHER-ALIVE: 探员
== done ==
