[info] Delaying Kantele.Character.WanderAction for 0ms with %{}
[info] Processing Kantele.Character.WanderAction, 1 left in the queue.
[info] Delaying Kantele.Character.DelayEventAction for 0ms with %{"data" => %{"id" => "wander"}, "minimum_delay" => 18000, "random_delay" => 18000, "topic" => "characters/move"}
[info] Processing Kantele.Character.DelayEventAction, 0 left in the queue.
[info] Received - "l"
[info] Received - "l"
[info] Received - "n"
[info] Received - "s"
[info] Delaying Kantele.Character.SayAction for 0ms with %{"channel_name" => "rooms:sammatti:town_square", "delay" => 500, "text" => "娆㈣繋锛実rant锛?Welcome, grant!"}
[info] Processing Kantele.Character.SayAction, 0 left in the queue.
[info] Delaying Kantele.Character.WanderAction for 0ms with %{}
[info] Processing Kantele.Character.WanderAction, 1 left in the queue.
[info] Delaying Kantele.Character.DelayEventAction for 0ms with %{"data" => %{"id" => "wander"}, "minimum_delay" => 18000, "random_delay" => 18000, "topic" => "characters/move"}
[info] Processing Kantele.Character.DelayEventAction, 0 left in the queue.
[info] Received - "w"
[info] Delaying Kantele.Character.SayAction for 0ms with %{"channel_name" => "rooms:sammatti:blacksmith", "delay" => 500, "text" => "娆㈣繋锛実rant锛?Welcome, grant!"}
[info] Processing Kantele.Character.SayAction, 0 left in the queue.
[info] Received - "n"
[info] Delaying Kantele.Character.CombatEngageAction for 0ms with %{}
[info] Processing Kantele.Character.CombatEngageAction, 0 left in the queue.
[info] Received - "n"
[info] Delaying Kantele.Character.WanderAction for 0ms with %{}
[info] Processing Kantele.Character.WanderAction, 1 left in the queue.
[info] Delaying Kantele.Character.DelayEventAction for 0ms with %{"data" => %{"id" => "wander"}, "minimum_delay" => 18000, "random_delay" => 18000, "topic" => "characters/move"}
[info] Processing Kantele.Character.DelayEventAction, 0 left in the queue.
[info] Delaying Kantele.Character.WanderAction for 0ms with %{}
[info] Processing Kantele.Character.WanderAction, 1 left in the queue.
[info] Delaying Kantele.Character.DelayEventAction for 0ms with %{"data" => %{"id" => "wander"}, "minimum_delay" => 18000, "random_delay" => 18000, "topic" => "characters/move"}
[info] Processing Kantele.Character.DelayEventAction, 0 left in the queue.
[info] Delaying Kantele.Character.WanderAction for 0ms with %{}
[info] Processing Kantele.Character.WanderAction, 1 left in the queue.
[info] Delaying Kantele.Character.DelayEventAction for 0ms with %{"data" => %{"id" => "wander"}, "minimum_delay" => 18000, "random_delay" => 18000, "topic" => "characters/move"}
[info] Processing Kantele.Character.DelayEventAction, 0 left in the queue.
[info] Delaying Kantele.Character.EmoteAction for 0ms with %{"channel_name" => "rooms:sammatti:town_square", "text" => "鐜【鍥涘懆锛屾兂鎵句釜浜鸿亰鑱娿€?looks around for someone to talk to."}
[info] Processing Kantele.Character.EmoteAction, 1 left in the queue.
[info] Delaying Kantele.Character.DelayEventAction for 0ms with %{"data" => %{"id" => "looking", "message" => "鐜【鍥涘懆锛屾兂鎵句釜浜鸿亰鑱娿€?looks around for someone to talk to."}, "minimum_delay" => 90000, "random_delay" => 180000, "topic" => "characters/emote"}
[info] Processing Kantele.Character.DelayEventAction, 0 left in the queue.
[info] Delaying Kantele.Character.WanderAction for 0ms with %{}
[info] Processing Kantele.Character.WanderAction, 1 left in the queue.
[info] Delaying Kantele.Character.DelayEventAction for 0ms with %{"data" => %{"id" => "wander"}, "minimum_delay" => 18000, "random_delay" => 18000, "topic" => "characters/move"}
[info] Processing Kantele.Character.DelayEventAction, 0 left in the queue.
[info] Delaying Kantele.Character.WanderAction for 0ms with %{}
[info] Processing Kantele.Character.WanderAction, 1 left in the queue.
[info] Delaying Kantele.Character.DelayEventAction for 0ms with %{"data" => %{"id" => "wander"}, "minimum_delay" => 18000, "random_delay" => 18000, "topic" => "characters/move"}
[info] Processing Kantele.Character.DelayEventAction, 0 left in the queue.
[info] Delaying Kantele.Character.WanderAction for 0ms with %{}
[info] Processing Kantele.Character.WanderAction, 1 left in the queue.
[info] Delaying Kantele.Character.DelayEventAction for 0ms with %{"data" => %{"id" => "wander"}, "minimum_delay" => 18000, "random_delay" => 18000, "topic" => "characters/move"}
[info] Processing Kantele.Character.DelayEventAction, 0 left in the queue.
[info] Delaying Kantele.Character.WanderAction for 0ms with %{}
[info] Processing Kantele.Character.WanderAction, 1 left in the queue.
[info] Delaying Kantele.Character.DelayEventAction for 0ms with %{"data" => %{"id" => "wander"}, "minimum_delay" => 18000, "random_delay" => 18000, "topic" => "characters/move"}
[info] Processing Kantele.Character.DelayEventAction, 0 left in the queue.
[info] Delaying Kantele.Character.WanderAction for 0ms with %{}
[info] Processing Kantele.Character.WanderAction, 1 left in the queue.
[info] Delaying Kantele.Character.DelayEventAction for 0ms with %{"data" => %{"id" => "wander"}, "minimum_delay" => 18000, "random_delay" => 18000, "topic" => "characters/move"}
[info] Processing Kantele.Character.DelayEventAction, 0 left in the queue.
[info] Delaying Kantele.Character.WanderAction for 0ms with %{}
[info] Processing Kantele.Character.WanderAction, 1 left in the queue.
[info] Delaying Kantele.Character.DelayEventAction for 0ms with %{"data" => %{"id" => "wander"}, "minimum_delay" => 18000, "random_delay" => 18000, "topic" => "characters/move"}
[info] Processing Kantele.Character.DelayEventAction, 0 left in the queue.
[info] Received - "fight 閲庣尓"
[debug] QUERY OK source="characters" db=1.2ms idle=1592.4ms
SELECT c0."id", c0."name", c0."inserted_at", c0."updated_at" FROM "characters" AS c0 WHERE (c0."name" = $1) LIMIT 1 ["grant"]
[debug] QUERY OK source="character_metadata" db=0.5ms idle=1593.8ms
SELECT c0."id", c0."character_id", c0."str", c0."dex", c0."con", c0."int", c0."combat_exp", c0."potential", c0."max_neili", c0."skills", c0."mapped", c0."performs", c0."inserted_at", c0."updated_at" FROM "character_metadata" AS c0 WHERE (c0."character_id" = $1) [1]
[debug] QUERY OK db=34.7ms queue=0.7ms idle=1624.1ms
UPDATE "character_metadata" SET "combat_exp" = $1, "potential" = $2, "skills" = $3, "updated_at" = $4 WHERE "id" = $5 [1160, 180, %{dodge: 60, force: 20, parry: 60, sword: 60, unarmed: 60}, ~N[2026-08-24 01:14:57], 2]
[info] Delaying Kantele.Character.WanderAction for 0ms with %{}
[info] Processing Kantele.Character.WanderAction, 1 left in the queue.
[info] Delaying Kantele.Character.DelayEventAction for 0ms with %{"data" => %{"id" => "wander"}, "minimum_delay" => 18000, "random_delay" => 18000, "topic" => "characters/move"}
[info] Processing Kantele.Character.DelayEventAction, 0 left in the queue.
[info] Received - "l"
[info] Delaying Kantele.Character.EmoteAction for 0ms with %{"channel_name" => "rooms:sammatti:town_square", "text" => "鐜【鍥涘懆锛屾兂鎵句釜浜鸿亰鑱娿€?looks around for someone to talk to."}
[info] Processing Kantele.Character.EmoteAction, 1 left in the queue.
[info] Delaying Kantele.Character.DelayEventAction for 0ms with %{"data" => %{"id" => "looking", "message" => "鐜【鍥涘懆锛屾兂鎵句釜浜鸿亰鑱娿€?looks around for someone to talk to."}, "minimum_delay" => 90000, "random_delay" => 180000, "topic" => "characters/emote"}
[info] Processing Kantele.Character.DelayEventAction, 0 left in the queue.
[info] Received - "fight 閲庣尓"
[info] Received - "l"
[info] Received - "e"
[info] Received - "w"
[info] Received - "w"
[info] Delaying Kantele.Character.WanderAction for 0ms with %{}
[info] Processing Kantele.Character.WanderAction, 1 left in the queue.
[info] Delaying Kantele.Character.DelayEventAction for 0ms with %{"data" => %{"id" => "wander"}, "minimum_delay" => 18000, "random_delay" => 18000, "topic" => "characters/move"}
[info] Processing Kantele.Character.DelayEventAction, 0 left in the queue.
[info] Received - "bai 鐜嬮噸涔?
[info] Received - "commands"
[info] Delaying Kantele.Character.WanderAction for 0ms with %{}
[info] Processing Kantele.Character.WanderAction, 1 left in the queue.
[info] Delaying Kantele.Character.DelayEventAction for 0ms with %{"data" => %{"id" => "wander"}, "minimum_delay" => 18000, "random_delay" => 18000, "topic" => "characters/move"}
[info] Processing Kantele.Character.DelayEventAction, 0 left in the queue.
[info] Received - "cmd"
[info] Delaying Kantele.Character.WanderAction for 0ms with %{}
[info] Processing Kantele.Character.WanderAction, 1 left in the queue.
[info] Delaying Kantele.Character.DelayEventAction for 0ms with %{"data" => %{"id" => "wander"}, "minimum_delay" => 18000, "random_delay" => 18000, "topic" => "characters/move"}
[info] Processing Kantele.Character.DelayEventAction, 0 left in the queue.
[info] Received - "reload"
[info] Received - "reload"
[info] Character starting - e81664e9
[info] Character starting - a0c7298c
[info] Character starting - 91e30b52
[info] Character starting - b28c46dd
[info] Character starting - c24b73c6
[info] Character starting - 9120f195
[info] Character starting - 7d443f63
[info] Character starting - fea3cb70
[info] Character starting - f363a805
[info] Delaying Kantele.Character.EmoteAction for 0ms with %{"channel_name" => "rooms:sammatti:town_square", "text" => "鐜【鍥涘懆锛屾兂鎵句釜浜鸿亰鑱娿€?looks around for someone to talk to."}
[info] Processing Kantele.Character.EmoteAction, 1 left in the queue.
[info] Delaying Kantele.Character.DelayEventAction for 0ms with %{"data" => %{"id" => "looking", "message" => "鐜【鍥涘懆锛屾兂鎵句釜浜鸿亰鑱娿€?looks around for someone to talk to."}, "minimum_delay" => 90000, "random_delay" => 180000, "topic" => "characters/emote"}
[info] Processing Kantele.Character.DelayEventAction, 0 left in the queue.
[info] Received - "l"
[info] Character starting - ec0eae4b
[info] Character starting - c6a0fc3e
[info] Character starting - 1cd4d194
[info] Character starting - 4e01c738
[info] Character starting - c3ada159
[info] Character starting - 5ca79c22
[info] Character starting - ba5c92b0
[info] Character starting - e4613719
[info] Character starting - baf4c8ba
[info] Delaying Kantele.Character.EmoteAction for 0ms with %{"channel_name" => "rooms:sammatti:town_square", "text" => "鐜【鍥涘懆锛屾兂鎵句釜浜鸿亰鑱娿€?looks around for someone to talk to."}
[info] Processing Kantele.Character.EmoteAction, 1 left in the queue.
[info] Delaying Kantele.Character.DelayEventAction for 0ms with %{"data" => %{"id" => "looking", "message" => "鐜【鍥涘懆锛屾兂鎵句釜浜鸿亰鑱娿€?looks around for someone to talk to."}, "minimum_delay" => 90000, "random_delay" => 180000, "topic" => "characters/emote"}
[info] Processing Kantele.Character.DelayEventAction, 0 left in the queue.
[info] Delaying Kantele.Character.WanderAction for 0ms with %{}
[info] Processing Kantele.Character.WanderAction, 1 left in the queue.
[info] Delaying Kantele.Character.DelayEventAction for 0ms with %{"data" => %{"id" => "wander"}, "minimum_delay" => 18000, "random_delay" => 18000, "topic" => "characters/move"}
[info] Processing Kantele.Character.DelayEventAction, 0 left in the queue.
[info] Received - "commands"
[info] Received - "commands"
[info] Received - "score"
[info] Received - "i"
[info] Received - "l"
[info] Delaying Kantele.Character.WanderAction for 0ms with %{}
[info] Processing Kantele.Character.WanderAction, 1 left in the queue.
[info] Delaying Kantele.Character.DelayEventAction for 0ms with %{"data" => %{"id" => "wander"}, "minimum_delay" => 18000, "random_delay" => 18000, "topic" => "characters/move"}
[info] Processing Kantele.Character.DelayEventAction, 0 left in the queue.
[info] Delaying Kantele.Character.WanderAction for 0ms with %{}
[info] Processing Kantele.Character.WanderAction, 1 left in the queue.
[info] Delaying Kantele.Character.DelayEventAction for 0ms with %{"data" => %{"id" => "wander"}, "minimum_delay" => 18000, "random_delay" => 18000, "topic" => "characters/move"}
[info] Processing Kantele.Character.DelayEventAction, 0 left in the queue.
[info] Received - "鍛戒护"
[info] Delaying Kantele.Character.WanderAction for 0ms with %{}
[info] Processing Kantele.Character.WanderAction, 1 left in the queue.
[info] Delaying Kantele.Character.DelayEventAction for 0ms with %{"data" => %{"id" => "wander"}, "minimum_delay" => 18000, "random_delay" => 18000, "topic" => "characters/move"}
[info] Delaying Kantele.Character.SayAction for 0ms with %{"channel_name" => "rooms:sammatti:town_square", "delay" => 500, "text" => "娆㈣繋锛屾潙姘?Villager锛?Welcome, 鏉戞皯 Villager!"}
[info] Processing Kantele.Character.DelayEventAction, 0 left in the queue.
[info] Processing Kantele.Character.SayAction, 0 left in the queue.
[info] Delaying Kantele.Character.WanderAction for 0ms with %{}
[info] Processing Kantele.Character.WanderAction, 1 left in the queue.
[info] Delaying Kantele.Character.DelayEventAction for 0ms with %{"data" => %{"id" => "wander"}, "minimum_delay" => 18000, "random_delay" => 18000, "topic" => "characters/move"}
[info] Processing Kantele.Character.DelayEventAction, 0 left in the queue.
[info] Delaying Kantele.Character.SayAction for 0ms with %{"channel_name" => "rooms:sammatti:inn", "delay" => 500, "text" => "娆㈣繋锛屾潙姘?Villager锛?Welcome, 鏉戞皯 Villager!"}
[info] Processing Kantele.Character.SayAction, 0 left in the queue.
[info] Delaying Kantele.Character.EmoteAction for 0ms with %{"channel_name" => "rooms:sammatti:town_square", "text" => "鐜【鍥涘懆锛屾兂鎵句釜浜鸿亰鑱娿€?looks around for someone to talk to."}
[info] Processing Kantele.Character.EmoteAction, 1 left in the queue.
[info] Delaying Kantele.Character.DelayEventAction for 0ms with %{"data" => %{"id" => "looking", "message" => "鐜【鍥涘懆锛屾兂鎵句釜浜鸿亰鑱娿€?looks around for someone to talk to."}, "minimum_delay" => 90000, "random_delay" => 180000, "topic" => "characters/emote"}
[info] Processing Kantele.Character.DelayEventAction, 0 left in the queue.
[info] Delaying Kantele.Character.WanderAction for 0ms with %{}
[info] Processing Kantele.Character.WanderAction, 1 left in the queue.
[info] Delaying Kantele.Character.DelayEventAction for 0ms with %{"data" => %{"id" => "wander"}, "minimum_delay" => 18000, "random_delay" => 18000, "topic" => "characters/move"}
[info] Delaying Kantele.Character.SayAction for 0ms with %{"channel_name" => "rooms:sammatti:town_square", "delay" => 500, "text" => "娆㈣繋锛屾潙姘?Villager锛?Welcome, 鏉戞皯 Villager!"}
[info] Processing Kantele.Character.DelayEventAction, 0 left in the queue.
[info] Processing Kantele.Character.SayAction, 0 left in the queue.
[info] Delaying Kantele.Character.WanderAction for 0ms with %{}
[info] Processing Kantele.Character.WanderAction, 1 left in the queue.
[info] Delaying Kantele.Character.DelayEventAction for 0ms with %{"data" => %{"id" => "wander"}, "minimum_delay" => 18000, "random_delay" => 18000, "topic" => "characters/move"}
[info] Delaying Kantele.Character.SayAction for 0ms with %{"channel_name" => "rooms:sammatti:inn", "delay" => 500, "text" => "娆㈣繋锛屾潙姘?Villager锛?Welcome, 鏉戞皯 Villager!"}
[info] Processing Kantele.Character.SayAction, 0 left in the queue.
[info] Processing Kantele.Character.DelayEventAction, 0 left in the queue.
